[dotenv@17.2.3] injecting env (15) from .env -- tip: ≡ƒöä add secrets lifecycle management: https://dotenvx.com/ops
Testing RAG Integration...
Query: 'I feel sad'

--- Retrieved Context ---


-------------------------
Γ¥î FAILURE: No context returned or unexpected content.
node.exe : 
GEMINI_API_KEY not 
set
At C:\Program Files\n
odejs\npx.ps1:29 
char:3
+   & $NODE_EXE 
$NPX_CLI_JS $args
+   ~~~~~~~~~~~~~~~~~
~~~~~~~~~~~~
    + CategoryInfo   
           : NotSpe  
  cified: (GEMINI_   
 API_KEY not set:    
String) [], Remo    
teException
    + FullyQualified 
   ErrorId : Native  
  CommandError
 
